14:59:19 **** Incremental Build of configuration Debug for project 002TEST ****
make -j8 all 
arm-none-eabi-gcc "../Src/main.c" -mcpu=cortex-m4 -std=gnu11 -g3 -DSTM32F30 -DSTM32 -DSTM32F3 -DDEBUG -DSTM32F303RETx -DNUCLEO_F303RE -c -I../Inc -O0 -ffunction-sections -fdata-sections -Wall -fstack-usage -MMD -MP -MF"Src/main.d" -MT"Src/main.o" --specs=nano.specs -mfpu=fpv4-sp-d16 -mfloat-abi=hard -mthumb -o "Src/main.o"
../Src/main.c:12:2: warning: #warning "FPU is not initialized, but the project is compiling for an FPU. Please initialize the FPU before use." [-Wcpp]
 #warning "FPU is not initialized, but the project is compiling for an FPU. Please initialize the FPU before use."
  ^~~~~~~
../Src/main.c: In function 'main':
../Src/main.c:22:3: warning: implicit declaration of function 'ITM_SendChar' [-Wimplicit-function-declaration]
   ITM_SendChar('a');
   ^~~~~~~~~~~~
arm-none-eabi-gcc -o "002TEST.elf" @"objects.list"   -mcpu=cortex-m4 -T"C:\Users\Luca Zambuto\Desktop\STM32 Nucleo Board\STM32_Workspace\002TEST\STM32F303RETX_FLASH.ld" --specs=nosys.specs -Wl,-Map="002TEST.map" -Wl,--gc-sections -static --specs=nano.specs -mfpu=fpv4-sp-d16 -mfloat-abi=hard -mthumb -Wl,--start-group -lc -lm -Wl,--end-group
Finished building target: 002TEST.elf
 
arm-none-eabi-objdump -h -S  002TEST.elf  > "002TEST.list"
arm-none-eabi-size   002TEST.elf 
   text	   data	    bss	    dec	    hex	filename
    748	      8	   1568	   2324	    914	002TEST.elf
Finished building: default.size.stdout
 
Finished building: 002TEST.list
 

14:59:20 Build Finished. 0 errors, 2 warnings. (took 902ms)

