14:58:44 **** Incremental Build of configuration Debug for project ADC_SingleConversion ****
make -j8 all 
arm-none-eabi-gcc "../Src/main.c" -mcpu=cortex-m4 -std=gnu11 -g3 -DSTM32F30 -DSTM32 -DSTM32F3 -DDEBUG -DSTM32F303RETx -DNUCLEO_F303RE -c -I../Inc -O0 -ffunction-sections -fdata-sections -Wall -fstack-usage -MMD -MP -MF"Src/main.d" -MT"Src/main.o" --specs=nano.specs -mfpu=fpv4-sp-d16 -mfloat-abi=hard -mthumb -o "Src/main.o"
../Src/main.c: In function 'main':
../Src/main.c:37:11: warning: variable 'value' set but not used [-Wunused-but-set-variable]
  uint32_t value = 0;
           ^~~~~
arm-none-eabi-gcc -o "ADC_SingleConversion.elf" @"objects.list"   -mcpu=cortex-m4 -T"C:\Users\Luca Zambuto\Desktop\STM32 Nucleo Board\STM32_Workspace\ADC_SingleConversion\STM32F303RETX_FLASH.ld" --specs=nosys.specs -Wl,-Map="ADC_SingleConversion.map" -Wl,--gc-sections -static --specs=nano.specs -mfpu=fpv4-sp-d16 -mfloat-abi=hard -mthumb -Wl,--start-group -lc -lm -Wl,--end-group
Finished building target: ADC_SingleConversion.elf
 
arm-none-eabi-objdump -h -S  ADC_SingleConversion.elf  > "ADC_SingleConversion.list"
arm-none-eabi-size   ADC_SingleConversion.elf 
   text	   data	    bss	    dec	    hex	filename
    880	      8	   1568	   2456	    998	ADC_SingleConversion.elf
Finished building: default.size.stdout
 
Finished building: ADC_SingleConversion.list
 

14:58:44 Build Finished. 0 errors, 1 warnings. (took 781ms)

