18:16:47 **** Build of configuration Debug for project STM32F303RE_driver ****
make -j2 all 
arm-none-eabi-gcc -mcpu=cortex-m4 -g3 -c -x assembler-with-cpp --specs=nano.specs -mfpu=fpv4-sp-d16 -mfloat-abi=hard -mthumb -o "Startup/startup_stm32f303retx.o" "../Startup/startup_stm32f303retx.s"
arm-none-eabi-gcc "../Src/main.c" -mcpu=cortex-m4 -std=gnu11 -g3 -DSTM32F30 -DSTM32 -DSTM32F3 -DDEBUG -DSTM32F303RETx -DNUCLEO_F303RE -c -I../Inc -I"C:/Users/luca/Documents/GitHub/Embedded-Software/STM32_Workspace/STM32F303RE_driver/driver/inc" -O0 -ffunction-sections -fdata-sections -Wall -fstack-usage -MMD -MP -MF"Src/main.d" -MT"Src/main.o" --specs=nano.specs -mfpu=fpv4-sp-d16 -mfloat-abi=hard -mthumb -o "Src/main.o"
arm-none-eabi-gcc "../Src/syscalls.c" -mcpu=cortex-m4 -std=gnu11 -g3 -DSTM32F30 -DSTM32 -DSTM32F3 -DDEBUG -DSTM32F303RETx -DNUCLEO_F303RE -c -I../Inc -I"C:/Users/luca/Documents/GitHub/Embedded-Software/STM32_Workspace/STM32F303RE_driver/driver/inc" -O0 -ffunction-sections -fdata-sections -Wall -fstack-usage -MMD -MP -MF"Src/syscalls.d" -MT"Src/syscalls.o" --specs=nano.specs -mfpu=fpv4-sp-d16 -mfloat-abi=hard -mthumb -o "Src/syscalls.o"
arm-none-eabi-gcc "../Src/sysmem.c" -mcpu=cortex-m4 -std=gnu11 -g3 -DSTM32F30 -DSTM32 -DSTM32F3 -DDEBUG -DSTM32F303RETx -DNUCLEO_F303RE -c -I../Inc -I"C:/Users/luca/Documents/GitHub/Embedded-Software/STM32_Workspace/STM32F303RE_driver/driver/inc" -O0 -ffunction-sections -fdata-sections -Wall -fstack-usage -MMD -MP -MF"Src/sysmem.d" -MT"Src/sysmem.o" --specs=nano.specs -mfpu=fpv4-sp-d16 -mfloat-abi=hard -mthumb -o "Src/sysmem.o"
arm-none-eabi-gcc -o "STM32F303RE_driver.elf" @"objects.list"   -mcpu=cortex-m4 -T"C:\Users\luca\Documents\GitHub\Embedded-Software\STM32_Workspace\STM32F303RE_driver\STM32F303RETX_FLASH.ld" --specs=nosys.specs -Wl,-Map="STM32F303RE_driver.map" -Wl,--gc-sections -static --specs=nano.specs -mfpu=fpv4-sp-d16 -mfloat-abi=hard -mthumb -Wl,--start-group -lc -lm -Wl,--end-group
Finished building target: STM32F303RE_driver.elf
 
arm-none-eabi-size   STM32F303RE_driver.elf 
arm-none-eabi-objdump -h -S  STM32F303RE_driver.elf  > "STM32F303RE_driver.list"
   text	   data	    bss	    dec	    hex	filename
   4968	    108	   1588	   6664	   1a08	STM32F303RE_driver.elf
Finished building: default.size.stdout
 
Finished building: STM32F303RE_driver.list
 

18:16:49 Build Finished. 0 errors, 0 warnings. (took 1s.969ms)

